::vstd::prelude::verus!{
    #[allow(unused_imports)]
    use::verus_spec_check_vstd_ext::*;
}
::vstd::prelude::verus!{
    #[verifier::external_body]
    #[inline(never)]
    #[doc = "verus_spec_check::assume_spec_target = Vec::<T>::clear"]
    #[doc = "verus_spec_check::assume_spec_type_params = T"]
    #[doc = "__verus_spec_check_harness_marker__"]
    pub exec fn __vcheck_assume_Vec_T_clear(v : &mut Vec<u32>) ensures v.deep_view().len() == 0 {
        #[allow(unused_unsafe)]
        unsafe {
            Vec::<u32>::clear(v)
        }
    }
}
#[cfg(test)]
#[allow(non_snake_case)]
#[allow(unused_imports)]
#[allow(dead_code)]
mod __verus_spec_check_ID {
    use super::*;
    use::verus_spec_check::proptest::prelude::*;
    use::verus_spec_check_vstd_ext::*;
    use::verus_spec_check::{
        VcheckBTreeMapExec,
        VcheckBTreeSetExec
    };
    proptest!{
        #![proptest_config(::verus_spec_check::proptest::test_runner::Config {
            max_global_rejects : 1_000_000,
            ..::verus_spec_check::proptest::test_runner::Config::default()
        })] #[test]
        fn vcheck___vcheck_assume_Vec_T_clear(::verus_spec_check::VcheckSeqSample(mut v) in::verus_spec_check::proptest::strategy::Strategy::prop_map(::verus_spec_check::vcheck_strategy::<::std::vec::Vec<u32>>(),::verus_spec_check::VcheckSeqSample,)) {
            let __vcheck_pre_v = v.clone();
            super::__vcheck_assume_Vec_T_clear(&mut v);
            let __vcheck_result : () = ();
            let _ = &__vcheck_result;
            ::verus_spec_check::proptest::prop_assert!(v.as_slice().len() == 0, "ensures clause failed");
        }
    }
}
