const _ : () = {
    compile_error!("verus_spec_check: the spec function `is_sorted` is used in a `#[vcheck]` contract but is defined outside this `verus!` block, so no exec companion can be generated for it.\n\nResolve it at the first applicable tier:\n1. If it is a container method (Seq/Map/Set/Multiset/Option), rewrite the contract to use the method form so the engine compiles it directly.\n2. If you own its definition, add `#[vcheck_provide]` to it (and the spec fns it calls) at its definition site so a companion is generated and resolved by path.\n3. Otherwise, supply a trusted exec stub next to your `#[vcheck]` fn:\nexternal_vcheck_provide! { fn is_sorted(/* args */) -> /* ret */ { /* exec body */ } }\n\n(Method calls on `#[vcheck_provide]`'d types resolve across files automatically; only free spec-fn calls need one of the tiers above.)");
};
